// Jest Snapshot v1, https://goo.gl/fbAQLP

exports[`My Conection React-Redux connection to App container 1`] = `
<div
  className="tc"
>
  <h1
    className="f1"
  >
    RoboFriends
  </h1>
  <div
    className="pa2"
  >
    <div
      className="ma3 pa2"
    >
      <button
        id="counter"
        onClick={[Function]}
      >
        Count: 
        0
      </button>
    </div>
    <input
      aria-label="Search Robots"
      className="pa3 ba b--green bg-lightest-blue"
      onChange={[Function]}
      placeholder="search robots"
      type="search"
    />
  </div>
  <div
    style={
      Object {
        "border": "5px solid black",
        "height": "800px",
        "overflow": "scroll",
      }
    }
  >
    <div />
  </div>
</div>
`;
