// Jest Snapshot v1, https://goo.gl/fbAQLP

exports[`App container expect to render App component 1`] = `
<div
  className="tc"
>
  <h1
    className="f1"
  >
    RoboFriends
  </h1>
  <SearchBox />
  <Scroll>
    <CardList
      robots={Array []}
    />
  </Scroll>
</div>
`;
