// Jest Snapshot v1, https://goo.gl/fbAQLP

exports[`Render Scroll Component Scroll snapshot 1`] = `
<div
  style={
    Object {
      "border": "5px solid black",
      "height": "800px",
      "overflow": "scroll",
    }
  }
>
  <Component />
</div>
`;
